// Jest Snapshot v1, https://goo.gl/fbAQLP

exports[`pie chart renders as expected 1`] = `
ShallowWrapper {
  Symbol(enzyme.__root__): [Circular],
  Symbol(enzyme.__unrendered__): <test />,
  Symbol(enzyme.__renderer__): Object {
    "batchedUpdates": [Function],
    "getNode": [Function],
    "render": [Function],
    "simulateError": [Function],
    "simulateEvent": [Function],
    "unmount": [Function],
  },
  Symbol(enzyme.__node__): Object {
    "instance": null,
    "key": undefined,
    "nodeType": "class",
    "props": Object {
      "chart_wh": 200,
      "coverFill": "#eee",
      "coverRadius": 0.65,
      "doughnut": true,
      "series": undefined,
      "sliceColor": Array [
        "#F44336",
        "#2196F3",
        "#FFEB3B",
        "#4CAF50",
        "#FF9800",
      ],
      "style": Object {
        "alignSelf": "center",
      },
    },
    "ref": null,
    "rendered": null,
    "type": [Function],
  },
  Symbol(enzyme.__nodes__): Array [
    Object {
      "instance": null,
      "key": undefined,
      "nodeType": "class",
      "props": Object {
        "chart_wh": 200,
        "coverFill": "#eee",
        "coverRadius": 0.65,
        "doughnut": true,
        "series": undefined,
        "sliceColor": Array [
          "#F44336",
          "#2196F3",
          "#FFEB3B",
          "#4CAF50",
          "#FF9800",
        ],
        "style": Object {
          "alignSelf": "center",
        },
      },
      "ref": null,
      "rendered": null,
      "type": [Function],
    },
  ],
  Symbol(enzyme.__options__): Object {
    "adapter": ReactSixteenAdapter {
      "options": Object {
        "enableComponentDidUpdateOnSetState": true,
        "lifecycles": Object {
          "componentDidUpdate": Object {
            "onSetState": true,
          },
          "getDerivedStateFromProps": true,
          "getSnapshotBeforeUpdate": true,
          "setState": Object {
            "skipsComponentDidUpdateOnNullish": true,
          },
        },
      },
    },
    "attachTo": undefined,
    "hydrateIn": undefined,
  },
}
`;
