// Jest Snapshot v1, https://goo.gl/fbAQLP

exports[`login renders as expected 1`] = `
ShallowWrapper {
  Symbol(enzyme.__root__): [Circular],
  Symbol(enzyme.__unrendered__): <Login />,
  Symbol(enzyme.__renderer__): Object {
    "batchedUpdates": [Function],
    "getNode": [Function],
    "render": [Function],
    "simulateError": [Function],
    "simulateEvent": [Function],
    "unmount": [Function],
  },
  Symbol(enzyme.__node__): Object {
    "instance": null,
    "key": undefined,
    "nodeType": "class",
    "props": Object {
      "children": Array [
        <Component>
          <StyledText
            style={
              Object {
                "textAlign": "center",
              }
            }
            weight={true}
          >
            USERNAME
          </StyledText>
          <StyledTextInput />
        </Component>,
        <Component>
          <StyledText
            style={
              Object {
                "textAlign": "center",
              }
            }
            weight={true}
          >
            PASSWORD
          </StyledText>
          <StyledTextInput
            password={true}
          />
        </Component>,
        <StyledButton
          onPress={[Function]}
        >
          LOGIN
        </StyledButton>,
      ],
      "style": Object {
        "justifyContent": "center",
      },
    },
    "ref": null,
    "rendered": Array [
      Object {
        "instance": null,
        "key": undefined,
        "nodeType": "class",
        "props": Object {
          "children": Array [
            <StyledText
              style={
                Object {
                  "textAlign": "center",
                }
              }
              weight={true}
            >
              USERNAME
            </StyledText>,
            <StyledTextInput />,
          ],
        },
        "ref": null,
        "rendered": Array [
          Object {
            "instance": null,
            "key": undefined,
            "nodeType": "function",
            "props": Object {
              "children": "USERNAME",
              "style": Object {
                "textAlign": "center",
              },
              "weight": true,
            },
            "ref": null,
            "rendered": "USERNAME",
            "type": [Function],
          },
          Object {
            "instance": null,
            "key": undefined,
            "nodeType": "function",
            "props": Object {},
            "ref": null,
            "rendered": null,
            "type": [Function],
          },
        ],
        "type": [Function],
      },
      Object {
        "instance": null,
        "key": undefined,
        "nodeType": "class",
        "props": Object {
          "children": Array [
            <StyledText
              style={
                Object {
                  "textAlign": "center",
                }
              }
              weight={true}
            >
              PASSWORD
            </StyledText>,
            <StyledTextInput
              password={true}
            />,
          ],
        },
        "ref": null,
        "rendered": Array [
          Object {
            "instance": null,
            "key": undefined,
            "nodeType": "function",
            "props": Object {
              "children": "PASSWORD",
              "style": Object {
                "textAlign": "center",
              },
              "weight": true,
            },
            "ref": null,
            "rendered": "PASSWORD",
            "type": [Function],
          },
          Object {
            "instance": null,
            "key": undefined,
            "nodeType": "function",
            "props": Object {
              "password": true,
            },
            "ref": null,
            "rendered": null,
            "type": [Function],
          },
        ],
        "type": [Function],
      },
      Object {
        "instance": null,
        "key": undefined,
        "nodeType": "function",
        "props": Object {
          "children": "LOGIN",
          "onPress": [Function],
        },
        "ref": null,
        "rendered": "LOGIN",
        "type": [Function],
      },
    ],
    "type": [Function],
  },
  Symbol(enzyme.__nodes__): Array [
    Object {
      "instance": null,
      "key": undefined,
      "nodeType": "class",
      "props": Object {
        "children": Array [
          <Component>
            <StyledText
              style={
                Object {
                  "textAlign": "center",
                }
              }
              weight={true}
            >
              USERNAME
            </StyledText>
            <StyledTextInput />
          </Component>,
          <Component>
            <StyledText
              style={
                Object {
                  "textAlign": "center",
                }
              }
              weight={true}
            >
              PASSWORD
            </StyledText>
            <StyledTextInput
              password={true}
            />
          </Component>,
          <StyledButton
            onPress={[Function]}
          >
            LOGIN
          </StyledButton>,
        ],
        "style": Object {
          "justifyContent": "center",
        },
      },
      "ref": null,
      "rendered": Array [
        Object {
          "instance": null,
          "key": undefined,
          "nodeType": "class",
          "props": Object {
            "children": Array [
              <StyledText
                style={
                  Object {
                    "textAlign": "center",
                  }
                }
                weight={true}
              >
                USERNAME
              </StyledText>,
              <StyledTextInput />,
            ],
          },
          "ref": null,
          "rendered": Array [
            Object {
              "instance": null,
              "key": undefined,
              "nodeType": "function",
              "props": Object {
                "children": "USERNAME",
                "style": Object {
                  "textAlign": "center",
                },
                "weight": true,
              },
              "ref": null,
              "rendered": "USERNAME",
              "type": [Function],
            },
            Object {
              "instance": null,
              "key": undefined,
              "nodeType": "function",
              "props": Object {},
              "ref": null,
              "rendered": null,
              "type": [Function],
            },
          ],
          "type": [Function],
        },
        Object {
          "instance": null,
          "key": undefined,
          "nodeType": "class",
          "props": Object {
            "children": Array [
              <StyledText
                style={
                  Object {
                    "textAlign": "center",
                  }
                }
                weight={true}
              >
                PASSWORD
              </StyledText>,
              <StyledTextInput
                password={true}
              />,
            ],
          },
          "ref": null,
          "rendered": Array [
            Object {
              "instance": null,
              "key": undefined,
              "nodeType": "function",
              "props": Object {
                "children": "PASSWORD",
                "style": Object {
                  "textAlign": "center",
                },
                "weight": true,
              },
              "ref": null,
              "rendered": "PASSWORD",
              "type": [Function],
            },
            Object {
              "instance": null,
              "key": undefined,
              "nodeType": "function",
              "props": Object {
                "password": true,
              },
              "ref": null,
              "rendered": null,
              "type": [Function],
            },
          ],
          "type": [Function],
        },
        Object {
          "instance": null,
          "key": undefined,
          "nodeType": "function",
          "props": Object {
            "children": "LOGIN",
            "onPress": [Function],
          },
          "ref": null,
          "rendered": "LOGIN",
          "type": [Function],
        },
      ],
      "type": [Function],
    },
  ],
  Symbol(enzyme.__options__): Object {
    "adapter": ReactSixteenAdapter {
      "options": Object {
        "enableComponentDidUpdateOnSetState": true,
        "lifecycles": Object {
          "componentDidUpdate": Object {
            "onSetState": true,
          },
          "getDerivedStateFromProps": true,
          "getSnapshotBeforeUpdate": true,
          "setState": Object {
            "skipsComponentDidUpdateOnNullish": true,
          },
        },
      },
    },
    "attachTo": undefined,
    "hydrateIn": undefined,
  },
}
`;
